01.txt
w:   0
x:   0
y:   2
z:   0

02.txt
w:   1
x:   1
y:   0
z:   0

03.txt
w:   0
x:   2
y:   0
z:   0

04.txt
w:   1
x:   4
y:   0
z:   0

05.txt
w:   0
x:   0
y:   0
z:   1

aoc_2021.txt
w:  14
x:   0
y:   0
z: 51827348

