x := input()
x := x * -1

x := input()
y := input()
x := x * 3
x := x = y

w := input()
x := x + w
w := w = x

w := input()
x := input()
w := w = x
w := w = 2

w := input()
z := z + w
z := z % 2
w := w / 2
y := y + w
y := y % 2
w := w / 2
x := x + w
x := x % 2
w := w / 2
w := w % 2

w := input()
x := x * 0
x := x + z
x := x % 26
z := z / 1
x := x + 11
x := x = w
x := x = 0
y := y * 0
y := y + 25
y := y * x
y := y + 1
z := z * y
y := y * 0
y := y + w
y := y + 3
y := y * x
z := z + y
w := input()
x := x * 0
x := x + z
x := x % 26
z := z / 1
x := x + 14
x := x = w
x := x = 0
y := y * 0
y := y + 25
y := y * x
y := y + 1
z := z * y
y := y * 0
y := y + w
y := y + 7
y := y * x
z := z + y
w := input()
x := x * 0
x := x + z
x := x % 26
z := z / 1
x := x + 13
x := x = w
x := x = 0
y := y * 0
y := y + 25
y := y * x
y := y + 1
z := z * y
y := y * 0
y := y + w
y := y + 1
y := y * x
z := z + y
w := input()
x := x * 0
x := x + z
x := x % 26
z := z / 26
x := x + -4
x := x = w
x := x = 0
y := y * 0
y := y + 25
y := y * x
y := y + 1
z := z * y
y := y * 0
y := y + w
y := y + 6
y := y * x
z := z + y
w := input()
x := x * 0
x := x + z
x := x % 26
z := z / 1
x := x + 11
x := x = w
x := x = 0
y := y * 0
y := y + 25
y := y * x
y := y + 1
z := z * y
y := y * 0
y := y + w
y := y + 14
y := y * x
z := z + y
w := input()
x := x * 0
x := x + z
x := x % 26
z := z / 1
x := x + 10
x := x = w
x := x = 0
y := y * 0
y := y + 25
y := y * x
y := y + 1
z := z * y
y := y * 0
y := y + w
y := y + 7
y := y * x
z := z + y
w := input()
x := x * 0
x := x + z
x := x % 26
z := z / 26
x := x + -4
x := x = w
x := x = 0
y := y * 0
y := y + 25
y := y * x
y := y + 1
z := z * y
y := y * 0
y := y + w
y := y + 9
y := y * x
z := z + y
w := input()
x := x * 0
x := x + z
x := x % 26
z := z / 26
x := x + -12
x := x = w
x := x = 0
y := y * 0
y := y + 25
y := y * x
y := y + 1
z := z * y
y := y * 0
y := y + w
y := y + 9
y := y * x
z := z + y
w := input()
x := x * 0
x := x + z
x := x % 26
z := z / 1
x := x + 10
x := x = w
x := x = 0
y := y * 0
y := y + 25
y := y * x
y := y + 1
z := z * y
y := y * 0
y := y + w
y := y + 6
y := y * x
z := z + y
w := input()
x := x * 0
x := x + z
x := x % 26
z := z / 26
x := x + -11
x := x = w
x := x = 0
y := y * 0
y := y + 25
y := y * x
y := y + 1
z := z * y
y := y * 0
y := y + w
y := y + 4
y := y * x
z := z + y
w := input()
x := x * 0
x := x + z
x := x % 26
z := z / 1
x := x + 12
x := x = w
x := x = 0
y := y * 0
y := y + 25
y := y * x
y := y + 1
z := z * y
y := y * 0
y := y + w
y := y + 0
y := y * x
z := z + y
w := input()
x := x * 0
x := x + z
x := x % 26
z := z / 26
x := x + -1
x := x = w
x := x = 0
y := y * 0
y := y + 25
y := y * x
y := y + 1
z := z * y
y := y * 0
y := y + w
y := y + 7
y := y * x
z := z + y
w := input()
x := x * 0
x := x + z
x := x % 26
z := z / 26
x := x + 0
x := x = w
x := x = 0
y := y * 0
y := y + 25
y := y * x
y := y + 1
z := z * y
y := y * 0
y := y + w
y := y + 12
y := y * x
z := z + y
w := input()
x := x * 0
x := x + z
x := x % 26
z := z / 26
x := x + -11
x := x = w
x := x = 0
y := y * 0
y := y + 25
y := y * x
y := y + 1
z := z * y
y := y * 0
y := y + w
y := y + 1
y := y * x
z := z + y

